import java.util.*;

class JsonMini {
    private final String s;
    private int i;

    private JsonMini(String s) { this.s = s; this.i = 0; }

    static Object parse(String text) {
        return new JsonMini(text.trim()).parseValue();
    }

    private Object parseValue() {
        skipWs();
        char c = s.charAt(i);
        if (c == '[') return parseArray();
        if (c == '"') return parseString();
        if (c == 't' || c == 'f') return parseBool();
        return parseNumber();
    }

    private java.util.List<Object> parseArray() {
        java.util.List<Object> list = new java.util.ArrayList<>();
        i++;
        skipWs();
        if (s.charAt(i) == ']') { i++; return list; }
        while (true) {
            list.add(parseValue());
            skipWs();
            char c = s.charAt(i++);
            if (c == ']') break;
        }
        return list;
    }

    private String parseString() {
        StringBuilder sb = new StringBuilder();
        i++;
        while (s.charAt(i) != '"') {
            char c = s.charAt(i++);
            if (c == '\\') {
                char e = s.charAt(i++);
                switch (e) {
                    case 'n': sb.append('\n'); break;
                    case 't': sb.append('\t'); break;
                    case '"': sb.append('"'); break;
                    case '\\': sb.append('\\'); break;
                    default: sb.append(e);
                }
            } else {
                sb.append(c);
            }
        }
        i++;
        return sb.toString();
    }

    private Boolean parseBool() {
        if (s.startsWith("true", i)) { i += 4; return Boolean.TRUE; }
        i += 5;
        return Boolean.FALSE;
    }

    private Number parseNumber() {
        int start = i;
        while (i < s.length() && "+-0123456789.eE".indexOf(s.charAt(i)) >= 0) i++;
        String literal = s.substring(start, i);
        // Integral literals stay Long: routing them through Double would silently round any long beyond 2^53.
        if (literal.indexOf('.') < 0 && literal.indexOf('e') < 0 && literal.indexOf('E') < 0) {
            return Long.parseLong(literal);
        }
        return Double.parseDouble(literal);
    }

    private void skipWs() {
        while (i < s.length() && Character.isWhitespace(s.charAt(i))) i++;
    }

    static int toInt(Object o) { return ((Number) o).intValue(); }
    static long toLong(Object o) { return ((Number) o).longValue(); }
    static double toDouble(Object o) { return ((Number) o).doubleValue(); }
    static boolean toBool(Object o) { return (Boolean) o; }
    static String toStr(Object o) { return (String) o; }

    @SuppressWarnings("unchecked")
    static int[] toIntArray(Object o) {
        java.util.List<Object> l = (java.util.List<Object>) o;
        int[] r = new int[l.size()];
        for (int k = 0; k < r.length; k++) r[k] = toInt(l.get(k));
        return r;
    }

    @SuppressWarnings("unchecked")
    static double[] toDoubleArray(Object o) {
        java.util.List<Object> l = (java.util.List<Object>) o;
        double[] r = new double[l.size()];
        for (int k = 0; k < r.length; k++) r[k] = toDouble(l.get(k));
        return r;
    }

    @SuppressWarnings("unchecked")
    static boolean[] toBooleanArray(Object o) {
        java.util.List<Object> l = (java.util.List<Object>) o;
        boolean[] r = new boolean[l.size()];
        for (int k = 0; k < r.length; k++) r[k] = toBool(l.get(k));
        return r;
    }

    @SuppressWarnings("unchecked")
    static String[] toStringArray(Object o) {
        java.util.List<Object> l = (java.util.List<Object>) o;
        String[] r = new String[l.size()];
        for (int k = 0; k < r.length; k++) r[k] = toStr(l.get(k));
        return r;
    }

    @SuppressWarnings("unchecked")
    static int[][] toIntMatrix(Object o) {
        java.util.List<Object> l = (java.util.List<Object>) o;
        int[][] r = new int[l.size()][];
        for (int k = 0; k < r.length; k++) r[k] = toIntArray(l.get(k));
        return r;
    }

    static String write(int v) { return String.valueOf(v); }
    static String write(long v) { return String.valueOf(v); }
    static String write(double v) { return String.valueOf(v); }
    static String write(boolean v) { return String.valueOf(v); }

    static String write(String v) {
        StringBuilder sb = new StringBuilder();
        sb.append('"');
        for (int k = 0; k < v.length(); k++) {
            char c = v.charAt(k);
            if (c == '"' || c == '\\') { sb.append('\\'); }
            sb.append(c);
        }
        sb.append('"');
        return sb.toString();
    }

    static String write(int[] v) {
        StringBuilder sb = new StringBuilder("[");
        for (int k = 0; k < v.length; k++) { if (k > 0) sb.append(','); sb.append(v[k]); }
        return sb.append(']').toString();
    }

    static String write(double[] v) {
        StringBuilder sb = new StringBuilder("[");
        for (int k = 0; k < v.length; k++) { if (k > 0) sb.append(','); sb.append(v[k]); }
        return sb.append(']').toString();
    }

    static String write(boolean[] v) {
        StringBuilder sb = new StringBuilder("[");
        for (int k = 0; k < v.length; k++) { if (k > 0) sb.append(','); sb.append(v[k]); }
        return sb.append(']').toString();
    }

    static String write(String[] v) {
        StringBuilder sb = new StringBuilder("[");
        for (int k = 0; k < v.length; k++) { if (k > 0) sb.append(','); sb.append(write(v[k])); }
        return sb.append(']').toString();
    }

    static String write(int[][] v) {
        StringBuilder sb = new StringBuilder("[");
        for (int k = 0; k < v.length; k++) { if (k > 0) sb.append(','); sb.append(write(v[k])); }
        return sb.append(']').toString();
    }
}

class Solution {
    public int[] twoSum(int[] nums, int target) {
        Map<Integer, Integer> seen = new HashMap<>();
        for (int i = 0; i < nums.length; i++) {
            Integer j = seen.get(target - nums[i]);
            if (j != null) {
                return new int[] {j, i};
            }
            seen.put(nums[i], i);
        }
        return new int[0];
    }
}



public class Main {
    @SuppressWarnings("unchecked")
    public static void main(String[] args) throws Exception {
        java.util.Scanner _scanner = new java.util.Scanner(System.in).useDelimiter("\\A");
        String _input = _scanner.hasNext() ? _scanner.next() : "[]";
        List<Object> _parsed = (List<Object>) JsonMini.parse(_input);
        Solution _sol = new Solution();
        int[] _result = _sol.twoSum(JsonMini.toIntArray(_parsed.get(0)), JsonMini.toInt(_parsed.get(1)));
        System.out.println(JsonMini.write(_result));
    }
}
